../Src/main.c:29:5:main	8	static
../Src/main.c:48:6:task1_handler	8	static
../Src/main.c:57:6:task2_handler	8	static
../Src/main.c:66:6:task3_handler	8	static
../Src/main.c:75:6:task4_handler	8	static
../Src/main.c:84:6:init_systick_timer	32	static
../Src/main.c:104:29:init_scheduler_stack	0	static,ignoring_inline_asm
../Src/main.c:112:6:init_tasks_stack	24	static
../Src/main.c:151:6:enable_processor_faults	16	static
../Src/main.c:160:10:get_psp_value	4	static
../Src/main.c:164:6:save_psp_value	16	static
../Src/main.c:168:6:update_next_task	4	static
../Src/main.c:173:29:switch_sp_to_psp	0	static,ignoring_inline_asm
../Src/main.c:188:29:SysTick_Handler	0	static,ignoring_inline_asm
../Src/main.c:222:6:HardFault_Handler	8	static
../Src/main.c:229:6:MemManage_Handler	8	static
../Src/main.c:235:6:BusFault_Handler	8	static
